Archive member included because of file (symbol)

/home/user1/eclipse/avr8-gnu-toolchain-linux_x86_64/bin/../lib/gcc/avr/4.5.1/avr5/libgcc.a(_exit.o)
                              /home/user1/eclipse/avr8-gnu-toolchain-linux_x86_64/bin/../lib/gcc/avr/4.5.1/../../../../avr/lib/avr5/crtm16.o (exit)
/home/user1/eclipse/avr8-gnu-toolchain-linux_x86_64/bin/../lib/gcc/avr/4.5.1/avr5/libgcc.a(_clear_bss.o)
                              ./lib/es.o (__do_clear_bss)
/home/user1/eclipse/avr8-gnu-toolchain-linux_x86_64/bin/../lib/gcc/avr/4.5.1/avr5/libgcc.a(_ctors.o)
                              ./lib/es.o (__do_global_ctors)
/home/user1/eclipse/avr8-gnu-toolchain-linux_x86_64/bin/../lib/gcc/avr/4.5.1/avr5/libgcc.a(_tablejump.o)
                              /home/user1/eclipse/avr8-gnu-toolchain-linux_x86_64/bin/../lib/gcc/avr/4.5.1/avr5/libgcc.a(_ctors.o) (__tablejump__)

Allocating common symbols
Common symbol       size              file

es_count            0x1               ./es.o
es_events           0x1e              ./es.o
es_head             0x1               ./es.o
es_handlers         0x3c              ./es.o
legs                0x12              ./hp.o
es_tail             0x1               ./es.o

Discarded input sections

 .data          0x0000000000000000        0x0 /home/user1/eclipse/avr8-gnu-toolchain-linux_x86_64/bin/../lib/gcc/avr/4.5.1/../../../../avr/lib/avr5/crtm16.o
 .bss           0x0000000000000000        0x0 /home/user1/eclipse/avr8-gnu-toolchain-linux_x86_64/bin/../lib/gcc/avr/4.5.1/../../../../avr/lib/avr5/crtm16.o
 .text          0x0000000000000000        0x0 ./lib/es.o
 .data          0x0000000000000000        0x0 ./lib/es.o
 .bss           0x0000000000000000        0x0 ./lib/es.o
 .text._ZN7ESClassC2Ev
                0x0000000000000000        0x4 ./lib/es.o
 .text          0x0000000000000000        0x0 ./Leg.o
 .data          0x0000000000000000        0x0 ./Leg.o
 .bss           0x0000000000000000        0x0 ./Leg.o
 .text          0x0000000000000000        0x0 ./es.o
 .data          0x0000000000000000        0x0 ./es.o
 .bss           0x0000000000000000        0x0 ./es.o
 .text.initialize_es
                0x0000000000000000        0xe ./es.o
 .text.es_attach
                0x0000000000000000       0x16 ./es.o
 .text.es_detach
                0x0000000000000000       0x16 ./es.o
 .text.es_dispatch
                0x0000000000000000       0x50 ./es.o
 .text          0x0000000000000000        0x0 ./hp.o
 .data          0x0000000000000000        0x0 ./hp.o
 .bss           0x0000000000000000        0x0 ./hp.o
 .text.servomotor_attach
                0x0000000000000000        0x4 ./hp.o
 .text.initialize_hp
                0x0000000000000000       0x26 ./hp.o
 COMMON         0x0000000000000000       0x12 ./hp.o
 .text          0x0000000000000000        0x0 ./main.o
 .data          0x0000000000000000        0x0 ./main.o
 .bss           0x0000000000000000        0x0 ./main.o
 .text          0x0000000000000000        0x0 ./timer0.o
 .data          0x0000000000000000        0x0 ./timer0.o
 .bss           0x0000000000000000        0x0 ./timer0.o
 .text.initialize_timer0
                0x0000000000000000       0x18 ./timer0.o
 .text          0x0000000000000000        0x0 /home/user1/eclipse/avr8-gnu-toolchain-linux_x86_64/bin/../lib/gcc/avr/4.5.1/avr5/libgcc.a(_exit.o)
 .data          0x0000000000000000        0x0 /home/user1/eclipse/avr8-gnu-toolchain-linux_x86_64/bin/../lib/gcc/avr/4.5.1/avr5/libgcc.a(_exit.o)
 .bss           0x0000000000000000        0x0 /home/user1/eclipse/avr8-gnu-toolchain-linux_x86_64/bin/../lib/gcc/avr/4.5.1/avr5/libgcc.a(_exit.o)
 .text.libgcc   0x0000000000000000        0x0 /home/user1/eclipse/avr8-gnu-toolchain-linux_x86_64/bin/../lib/gcc/avr/4.5.1/avr5/libgcc.a(_exit.o)
 .text          0x0000000000000000        0x0 /home/user1/eclipse/avr8-gnu-toolchain-linux_x86_64/bin/../lib/gcc/avr/4.5.1/avr5/libgcc.a(_clear_bss.o)
 .data          0x0000000000000000        0x0 /home/user1/eclipse/avr8-gnu-toolchain-linux_x86_64/bin/../lib/gcc/avr/4.5.1/avr5/libgcc.a(_clear_bss.o)
 .bss           0x0000000000000000        0x0 /home/user1/eclipse/avr8-gnu-toolchain-linux_x86_64/bin/../lib/gcc/avr/4.5.1/avr5/libgcc.a(_clear_bss.o)
 .text.libgcc   0x0000000000000000        0x0 /home/user1/eclipse/avr8-gnu-toolchain-linux_x86_64/bin/../lib/gcc/avr/4.5.1/avr5/libgcc.a(_clear_bss.o)
 .text          0x0000000000000000        0x0 /home/user1/eclipse/avr8-gnu-toolchain-linux_x86_64/bin/../lib/gcc/avr/4.5.1/avr5/libgcc.a(_ctors.o)
 .data          0x0000000000000000        0x0 /home/user1/eclipse/avr8-gnu-toolchain-linux_x86_64/bin/../lib/gcc/avr/4.5.1/avr5/libgcc.a(_ctors.o)
 .bss           0x0000000000000000        0x0 /home/user1/eclipse/avr8-gnu-toolchain-linux_x86_64/bin/../lib/gcc/avr/4.5.1/avr5/libgcc.a(_ctors.o)
 .text.libgcc   0x0000000000000000        0x0 /home/user1/eclipse/avr8-gnu-toolchain-linux_x86_64/bin/../lib/gcc/avr/4.5.1/avr5/libgcc.a(_ctors.o)
 .text          0x0000000000000000        0x0 /home/user1/eclipse/avr8-gnu-toolchain-linux_x86_64/bin/../lib/gcc/avr/4.5.1/avr5/libgcc.a(_tablejump.o)
 .data          0x0000000000000000        0x0 /home/user1/eclipse/avr8-gnu-toolchain-linux_x86_64/bin/../lib/gcc/avr/4.5.1/avr5/libgcc.a(_tablejump.o)
 .bss           0x0000000000000000        0x0 /home/user1/eclipse/avr8-gnu-toolchain-linux_x86_64/bin/../lib/gcc/avr/4.5.1/avr5/libgcc.a(_tablejump.o)

Memory Configuration

Name             Origin             Length             Attributes
text             0x0000000000000000 0x0000000000020000 xr
data             0x0000000000800060 0x000000000000ffa0 rw !x
eeprom           0x0000000000810000 0x0000000000010000 rw !x
fuse             0x0000000000820000 0x0000000000000400 rw !x
lock             0x0000000000830000 0x0000000000000400 rw !x
signature        0x0000000000840000 0x0000000000000400 rw !x
*default*        0x0000000000000000 0xffffffffffffffff

Linker script and memory map

LOAD /home/user1/eclipse/avr8-gnu-toolchain-linux_x86_64/bin/../lib/gcc/avr/4.5.1/../../../../avr/lib/avr5/crtm16.o
LOAD ./lib/es.o
LOAD ./Leg.o
LOAD ./es.o
LOAD ./hp.o
LOAD ./main.o
LOAD ./timer0.o
LOAD /home/user1/eclipse/avr8-gnu-toolchain-linux_x86_64/bin/../lib/gcc/avr/4.5.1/avr5/libgcc.a
LOAD /home/user1/eclipse/avr8-gnu-toolchain-linux_x86_64/bin/../lib/gcc/avr/4.5.1/../../../../avr/lib/avr5/libm.a
LOAD /home/user1/eclipse/avr8-gnu-toolchain-linux_x86_64/bin/../lib/gcc/avr/4.5.1/avr5/libgcc.a
LOAD /home/user1/eclipse/avr8-gnu-toolchain-linux_x86_64/bin/../lib/gcc/avr/4.5.1/../../../../avr/lib/avr5/libc.a
LOAD /home/user1/eclipse/avr8-gnu-toolchain-linux_x86_64/bin/../lib/gcc/avr/4.5.1/avr5/libgcc.a

.hash
 *(.hash)

.dynsym
 *(.dynsym)

.dynstr
 *(.dynstr)

.gnu.version
 *(.gnu.version)

.gnu.version_d
 *(.gnu.version_d)

.gnu.version_r
 *(.gnu.version_r)

.rel.init
 *(.rel.init)

.rela.init
 *(.rela.init)

.rel.text
 *(.rel.text)
 *(.rel.text.*)
 *(.rel.gnu.linkonce.t*)

.rela.text
 *(.rela.text)
 *(.rela.text.*)
 *(.rela.gnu.linkonce.t*)

.rel.fini
 *(.rel.fini)

.rela.fini
 *(.rela.fini)

.rel.rodata
 *(.rel.rodata)
 *(.rel.rodata.*)
 *(.rel.gnu.linkonce.r*)

.rela.rodata
 *(.rela.rodata)
 *(.rela.rodata.*)
 *(.rela.gnu.linkonce.r*)

.rel.data
 *(.rel.data)
 *(.rel.data.*)
 *(.rel.gnu.linkonce.d*)

.rela.data
 *(.rela.data)
 *(.rela.data.*)
 *(.rela.gnu.linkonce.d*)

.rel.ctors
 *(.rel.ctors)

.rela.ctors
 *(.rela.ctors)

.rel.dtors
 *(.rel.dtors)

.rela.dtors
 *(.rela.dtors)

.rel.got
 *(.rel.got)

.rela.got
 *(.rela.got)

.rel.bss
 *(.rel.bss)

.rela.bss
 *(.rela.bss)

.rel.plt
 *(.rel.plt)

.rela.plt
 *(.rela.plt)

.text           0x0000000000000000      0x14e
 *(.vectors)
 .vectors       0x0000000000000000       0x54 /home/user1/eclipse/avr8-gnu-toolchain-linux_x86_64/bin/../lib/gcc/avr/4.5.1/../../../../avr/lib/avr5/crtm16.o
                0x0000000000000000                __vectors
                0x0000000000000000                __vector_default
 *(.vectors)
 *(.progmem.gcc*)
 *(.progmem*)
                0x0000000000000054                . = ALIGN (0x2)
                0x0000000000000054                __trampolines_start = .
 *(.trampolines)
 .trampolines   0x0000000000000054        0x0 linker stubs
 *(.trampolines*)
                0x0000000000000054                __trampolines_end = .
 *(.jumptables)
 *(.jumptables*)
 *(.lowtext)
 *(.lowtext*)
                0x0000000000000054                __ctors_start = .
 *(.ctors)
 .ctors         0x0000000000000054        0x2 ./lib/es.o
                0x0000000000000056                __ctors_end = .
                0x0000000000000056                __dtors_start = .
 *(.dtors)
                0x0000000000000056                __dtors_end = .
 SORT(*)(.ctors)
 SORT(*)(.dtors)
 *(.init0)
 .init0         0x0000000000000056        0x0 /home/user1/eclipse/avr8-gnu-toolchain-linux_x86_64/bin/../lib/gcc/avr/4.5.1/../../../../avr/lib/avr5/crtm16.o
                0x0000000000000056                __init
 *(.init0)
 *(.init1)
 *(.init1)
 *(.init2)
 .init2         0x0000000000000056        0xc /home/user1/eclipse/avr8-gnu-toolchain-linux_x86_64/bin/../lib/gcc/avr/4.5.1/../../../../avr/lib/avr5/crtm16.o
 *(.init2)
 *(.init3)
 *(.init3)
 *(.init4)
 .init4         0x0000000000000062       0x10 /home/user1/eclipse/avr8-gnu-toolchain-linux_x86_64/bin/../lib/gcc/avr/4.5.1/avr5/libgcc.a(_clear_bss.o)
                0x0000000000000062                __do_clear_bss
 *(.init4)
 *(.init5)
 *(.init5)
 *(.init6)
 .init6         0x0000000000000072       0x14 /home/user1/eclipse/avr8-gnu-toolchain-linux_x86_64/bin/../lib/gcc/avr/4.5.1/avr5/libgcc.a(_ctors.o)
                0x0000000000000072                __do_global_ctors
 *(.init6)
 *(.init7)
 *(.init7)
 *(.init8)
 *(.init8)
 *(.init9)
 .init9         0x0000000000000086        0x4 /home/user1/eclipse/avr8-gnu-toolchain-linux_x86_64/bin/../lib/gcc/avr/4.5.1/../../../../avr/lib/avr5/crtm16.o
 *(.init9)
 *(.text)
 .text          0x000000000000008a        0x2 /home/user1/eclipse/avr8-gnu-toolchain-linux_x86_64/bin/../lib/gcc/avr/4.5.1/../../../../avr/lib/avr5/crtm16.o
                0x000000000000008a                __vector_1
                0x000000000000008a                __vector_12
                0x000000000000008a                __bad_interrupt
                0x000000000000008a                __vector_6
                0x000000000000008a                __vector_3
                0x000000000000008a                __vector_11
                0x000000000000008a                __vector_13
                0x000000000000008a                __vector_17
                0x000000000000008a                __vector_7
                0x000000000000008a                __vector_5
                0x000000000000008a                __vector_4
                0x000000000000008a                __vector_9
                0x000000000000008a                __vector_2
                0x000000000000008a                __vector_15
                0x000000000000008a                __vector_8
                0x000000000000008a                __vector_14
                0x000000000000008a                __vector_10
                0x000000000000008a                __vector_16
                0x000000000000008a                __vector_18
                0x000000000000008a                __vector_20
                0x000000000000008c                . = ALIGN (0x2)
 *(.text.*)
 .text._ZN7ESClass10initializeEv
                0x000000000000008c        0x4 ./lib/es.o
                0x000000000000008c                _ZN7ESClass10initializeEv
 .text._GLOBAL__I_ES
                0x0000000000000090        0x4 ./lib/es.o
 .text._ZN8LegClass6attachEv
                0x0000000000000094        0x4 ./Leg.o
                0x0000000000000094                _ZN8LegClass6attachEv
 .text.es_trigger
                0x0000000000000098       0x3a ./es.o
                0x0000000000000098                es_trigger
 .text.main     0x00000000000000d2        0xe ./main.o
                0x00000000000000d2                main
 .text.__vector_19
                0x00000000000000e0       0x5e ./timer0.o
                0x00000000000000e0                __vector_19
 .text.libgcc   0x000000000000013e        0xc /home/user1/eclipse/avr8-gnu-toolchain-linux_x86_64/bin/../lib/gcc/avr/4.5.1/avr5/libgcc.a(_tablejump.o)
                0x000000000000013e                __tablejump2__
                0x0000000000000142                __tablejump__
                0x000000000000014a                . = ALIGN (0x2)
 *(.fini9)
 .fini9         0x000000000000014a        0x0 /home/user1/eclipse/avr8-gnu-toolchain-linux_x86_64/bin/../lib/gcc/avr/4.5.1/avr5/libgcc.a(_exit.o)
                0x000000000000014a                exit
                0x000000000000014a                _exit
 *(.fini9)
 *(.fini8)
 *(.fini8)
 *(.fini7)
 *(.fini7)
 *(.fini6)
 *(.fini6)
 *(.fini5)
 *(.fini5)
 *(.fini4)
 *(.fini4)
 *(.fini3)
 *(.fini3)
 *(.fini2)
 *(.fini2)
 *(.fini1)
 *(.fini1)
 *(.fini0)
 .fini0         0x000000000000014a        0x4 /home/user1/eclipse/avr8-gnu-toolchain-linux_x86_64/bin/../lib/gcc/avr/4.5.1/avr5/libgcc.a(_exit.o)
 *(.fini0)
                0x000000000000014e                _etext = .

.data           0x0000000000800060        0x0 load address 0x000000000000014e
                0x0000000000800060                PROVIDE (__data_start, .)
 *(.data)
 *(.data*)
 *(.rodata)
 *(.rodata*)
 *(.gnu.linkonce.d*)
                0x0000000000800060                . = ALIGN (0x2)
                0x0000000000800060                _edata = .
                0x0000000000800060                PROVIDE (__data_end, .)

.bss            0x0000000000800060       0x5f
                0x0000000000800060                PROVIDE (__bss_start, .)
 *(.bss)
 *(.bss*)
 .bss.ES        0x0000000000800060        0x1 ./lib/es.o
                0x0000000000800060                ES
 .bss.timer0    0x0000000000800061        0x1 ./timer0.o
                0x0000000000800061                timer0
 *(COMMON)
 COMMON         0x0000000000800062       0x5d ./es.o
                0x0000000000800062                es_count
                0x0000000000800063                es_events
                0x0000000000800081                es_head
                0x0000000000800082                es_handlers
                0x00000000008000be                es_tail
                0x00000000008000bf                PROVIDE (__bss_end, .)
                0x000000000000014e                __data_load_start = LOADADDR (.data)
                0x000000000000014e                __data_load_end = (__data_load_start + SIZEOF (.data))

.noinit         0x00000000008000bf        0x0
                0x00000000008000bf                PROVIDE (__noinit_start, .)
 *(.noinit*)
                0x00000000008000bf                PROVIDE (__noinit_end, .)
                0x00000000008000bf                _end = .
                0x00000000008000bf                PROVIDE (__heap_start, .)

.eeprom         0x0000000000810000        0x0
 *(.eeprom*)
                0x0000000000810000                __eeprom_end = .

.fuse
 *(.fuse)
 *(.lfuse)
 *(.hfuse)
 *(.efuse)

.lock
 *(.lock*)

.signature
 *(.signature*)

.stab           0x0000000000000000      0x6cc
 *(.stab)
 .stab          0x0000000000000000      0x6cc /home/user1/eclipse/avr8-gnu-toolchain-linux_x86_64/bin/../lib/gcc/avr/4.5.1/../../../../avr/lib/avr5/crtm16.o

.stabstr        0x0000000000000000       0x85
 *(.stabstr)
 .stabstr       0x0000000000000000       0x85 /home/user1/eclipse/avr8-gnu-toolchain-linux_x86_64/bin/../lib/gcc/avr/4.5.1/../../../../avr/lib/avr5/crtm16.o

.stab.excl
 *(.stab.excl)

.stab.exclstr
 *(.stab.exclstr)

.stab.index
 *(.stab.index)

.stab.indexstr
 *(.stab.indexstr)

.comment
 *(.comment)

.debug
 *(.debug)

.line
 *(.line)

.debug_srcinfo
 *(.debug_srcinfo)

.debug_sfnames
 *(.debug_sfnames)

.debug_aranges
 *(.debug_aranges)

.debug_pubnames
 *(.debug_pubnames)

.debug_info
 *(.debug_info)
 *(.gnu.linkonce.wi.*)

.debug_abbrev
 *(.debug_abbrev)

.debug_line
 *(.debug_line)

.debug_frame
 *(.debug_frame)

.debug_str
 *(.debug_str)

.debug_loc
 *(.debug_loc)

.debug_macinfo
 *(.debug_macinfo)
OUTPUT(hexapod-mk2-main.elf elf32-avr)
LOAD linker stubs

Cross Reference Table

Symbol                                            File
ES                                                ./lib/es.o
                                                  ./main.o
ESClass::ESClass()                                ./lib/es.o
ESClass::ESClass()                                ./lib/es.o
ESClass::initialize()                             ./lib/es.o
                                                  ./main.o
LegClass::attach()                                ./Leg.o
                                                  ./main.o
__bad_interrupt                                   /home/user1/eclipse/avr8-gnu-toolchain-linux_x86_64/bin/../lib/gcc/avr/4.5.1/../../../../avr/lib/avr5/crtm16.o
__bss_end                                         /home/user1/eclipse/avr8-gnu-toolchain-linux_x86_64/bin/../lib/gcc/avr/4.5.1/avr5/libgcc.a(_clear_bss.o)
__bss_start                                       /home/user1/eclipse/avr8-gnu-toolchain-linux_x86_64/bin/../lib/gcc/avr/4.5.1/avr5/libgcc.a(_clear_bss.o)
__ctors_end                                       /home/user1/eclipse/avr8-gnu-toolchain-linux_x86_64/bin/../lib/gcc/avr/4.5.1/avr5/libgcc.a(_ctors.o)
__ctors_start                                     /home/user1/eclipse/avr8-gnu-toolchain-linux_x86_64/bin/../lib/gcc/avr/4.5.1/avr5/libgcc.a(_ctors.o)
__do_clear_bss                                    /home/user1/eclipse/avr8-gnu-toolchain-linux_x86_64/bin/../lib/gcc/avr/4.5.1/avr5/libgcc.a(_clear_bss.o)
                                                  ./timer0.o
                                                  ./hp.o
                                                  ./es.o
                                                  ./lib/es.o
__do_global_ctors                                 /home/user1/eclipse/avr8-gnu-toolchain-linux_x86_64/bin/../lib/gcc/avr/4.5.1/avr5/libgcc.a(_ctors.o)
                                                  ./lib/es.o
__heap_end                                        /home/user1/eclipse/avr8-gnu-toolchain-linux_x86_64/bin/../lib/gcc/avr/4.5.1/../../../../avr/lib/avr5/crtm16.o
__init                                            /home/user1/eclipse/avr8-gnu-toolchain-linux_x86_64/bin/../lib/gcc/avr/4.5.1/../../../../avr/lib/avr5/crtm16.o
__stack                                           /home/user1/eclipse/avr8-gnu-toolchain-linux_x86_64/bin/../lib/gcc/avr/4.5.1/../../../../avr/lib/avr5/crtm16.o
__tablejump2__                                    /home/user1/eclipse/avr8-gnu-toolchain-linux_x86_64/bin/../lib/gcc/avr/4.5.1/avr5/libgcc.a(_tablejump.o)
__tablejump__                                     /home/user1/eclipse/avr8-gnu-toolchain-linux_x86_64/bin/../lib/gcc/avr/4.5.1/avr5/libgcc.a(_tablejump.o)
                                                  /home/user1/eclipse/avr8-gnu-toolchain-linux_x86_64/bin/../lib/gcc/avr/4.5.1/avr5/libgcc.a(_ctors.o)
__vector_1                                        /home/user1/eclipse/avr8-gnu-toolchain-linux_x86_64/bin/../lib/gcc/avr/4.5.1/../../../../avr/lib/avr5/crtm16.o
__vector_10                                       /home/user1/eclipse/avr8-gnu-toolchain-linux_x86_64/bin/../lib/gcc/avr/4.5.1/../../../../avr/lib/avr5/crtm16.o
__vector_11                                       /home/user1/eclipse/avr8-gnu-toolchain-linux_x86_64/bin/../lib/gcc/avr/4.5.1/../../../../avr/lib/avr5/crtm16.o
__vector_12                                       /home/user1/eclipse/avr8-gnu-toolchain-linux_x86_64/bin/../lib/gcc/avr/4.5.1/../../../../avr/lib/avr5/crtm16.o
__vector_13                                       /home/user1/eclipse/avr8-gnu-toolchain-linux_x86_64/bin/../lib/gcc/avr/4.5.1/../../../../avr/lib/avr5/crtm16.o
__vector_14                                       /home/user1/eclipse/avr8-gnu-toolchain-linux_x86_64/bin/../lib/gcc/avr/4.5.1/../../../../avr/lib/avr5/crtm16.o
__vector_15                                       /home/user1/eclipse/avr8-gnu-toolchain-linux_x86_64/bin/../lib/gcc/avr/4.5.1/../../../../avr/lib/avr5/crtm16.o
__vector_16                                       /home/user1/eclipse/avr8-gnu-toolchain-linux_x86_64/bin/../lib/gcc/avr/4.5.1/../../../../avr/lib/avr5/crtm16.o
__vector_17                                       /home/user1/eclipse/avr8-gnu-toolchain-linux_x86_64/bin/../lib/gcc/avr/4.5.1/../../../../avr/lib/avr5/crtm16.o
__vector_18                                       /home/user1/eclipse/avr8-gnu-toolchain-linux_x86_64/bin/../lib/gcc/avr/4.5.1/../../../../avr/lib/avr5/crtm16.o
__vector_19                                       ./timer0.o
                                                  /home/user1/eclipse/avr8-gnu-toolchain-linux_x86_64/bin/../lib/gcc/avr/4.5.1/../../../../avr/lib/avr5/crtm16.o
__vector_2                                        /home/user1/eclipse/avr8-gnu-toolchain-linux_x86_64/bin/../lib/gcc/avr/4.5.1/../../../../avr/lib/avr5/crtm16.o
__vector_20                                       /home/user1/eclipse/avr8-gnu-toolchain-linux_x86_64/bin/../lib/gcc/avr/4.5.1/../../../../avr/lib/avr5/crtm16.o
__vector_3                                        /home/user1/eclipse/avr8-gnu-toolchain-linux_x86_64/bin/../lib/gcc/avr/4.5.1/../../../../avr/lib/avr5/crtm16.o
__vector_4                                        /home/user1/eclipse/avr8-gnu-toolchain-linux_x86_64/bin/../lib/gcc/avr/4.5.1/../../../../avr/lib/avr5/crtm16.o
__vector_5                                        /home/user1/eclipse/avr8-gnu-toolchain-linux_x86_64/bin/../lib/gcc/avr/4.5.1/../../../../avr/lib/avr5/crtm16.o
__vector_6                                        /home/user1/eclipse/avr8-gnu-toolchain-linux_x86_64/bin/../lib/gcc/avr/4.5.1/../../../../avr/lib/avr5/crtm16.o
__vector_7                                        /home/user1/eclipse/avr8-gnu-toolchain-linux_x86_64/bin/../lib/gcc/avr/4.5.1/../../../../avr/lib/avr5/crtm16.o
__vector_8                                        /home/user1/eclipse/avr8-gnu-toolchain-linux_x86_64/bin/../lib/gcc/avr/4.5.1/../../../../avr/lib/avr5/crtm16.o
__vector_9                                        /home/user1/eclipse/avr8-gnu-toolchain-linux_x86_64/bin/../lib/gcc/avr/4.5.1/../../../../avr/lib/avr5/crtm16.o
__vector_default                                  /home/user1/eclipse/avr8-gnu-toolchain-linux_x86_64/bin/../lib/gcc/avr/4.5.1/../../../../avr/lib/avr5/crtm16.o
__vectors                                         /home/user1/eclipse/avr8-gnu-toolchain-linux_x86_64/bin/../lib/gcc/avr/4.5.1/../../../../avr/lib/avr5/crtm16.o
_exit                                             /home/user1/eclipse/avr8-gnu-toolchain-linux_x86_64/bin/../lib/gcc/avr/4.5.1/avr5/libgcc.a(_exit.o)
es_attach                                         ./es.o
es_count                                          ./es.o
es_detach                                         ./es.o
es_dispatch                                       ./es.o
es_events                                         ./es.o
es_handlers                                       ./es.o
es_head                                           ./es.o
es_tail                                           ./es.o
es_trigger                                        ./es.o
                                                  ./timer0.o
exit                                              /home/user1/eclipse/avr8-gnu-toolchain-linux_x86_64/bin/../lib/gcc/avr/4.5.1/avr5/libgcc.a(_exit.o)
                                                  /home/user1/eclipse/avr8-gnu-toolchain-linux_x86_64/bin/../lib/gcc/avr/4.5.1/../../../../avr/lib/avr5/crtm16.o
initialize_es                                     ./es.o
initialize_hp                                     ./hp.o
initialize_timer0                                 ./timer0.o
legs                                              ./hp.o
main                                              ./main.o
                                                  /home/user1/eclipse/avr8-gnu-toolchain-linux_x86_64/bin/../lib/gcc/avr/4.5.1/../../../../avr/lib/avr5/crtm16.o
servomotor_attach                                 ./hp.o
timer0                                            ./timer0.o
