Archive member included because of file (symbol)

c:/program files (x86)/eclipse/avr8-gnu-toolchain-win32_x86/bin/../lib/gcc/avr/4.5.1/avr5\libgcc.a(_exit.o)
                              c:/program files (x86)/eclipse/avr8-gnu-toolchain-win32_x86/bin/../lib/gcc/avr/4.5.1/../../../../avr/lib/avr5/crtm32.o (exit)
c:/program files (x86)/eclipse/avr8-gnu-toolchain-win32_x86/bin/../lib/gcc/avr/4.5.1/avr5\libgcc.a(_clear_bss.o)
                              ./es.o (__do_clear_bss)

Allocating common symbols
Common symbol       size              file

es_count            0x1               ./es.o
es_events           0x1e              ./es.o
es_head             0x1               ./es.o
es_handlers         0x3c              ./es.o
legs                0x12              ./hp.o
es_tail             0x1               ./es.o

Memory Configuration

Name             Origin             Length             Attributes
text             0x00000000         0x00020000         xr
data             0x00800060         0x0000ffa0         rw !x
eeprom           0x00810000         0x00010000         rw !x
fuse             0x00820000         0x00000400         rw !x
lock             0x00830000         0x00000400         rw !x
signature        0x00840000         0x00000400         rw !x
*default*        0x00000000         0xffffffff

Linker script and memory map

LOAD c:/program files (x86)/eclipse/avr8-gnu-toolchain-win32_x86/bin/../lib/gcc/avr/4.5.1/../../../../avr/lib/avr5/crtm32.o
LOAD ./es.o
LOAD ./hp.o
LOAD ./main.o
LOAD ./timer0.o
LOAD c:/program files (x86)/eclipse/avr8-gnu-toolchain-win32_x86/bin/../lib/gcc/avr/4.5.1/avr5\libgcc.a
LOAD c:/program files (x86)/eclipse/avr8-gnu-toolchain-win32_x86/bin/../lib/gcc/avr/4.5.1/../../../../avr/lib/avr5\libc.a
LOAD c:/program files (x86)/eclipse/avr8-gnu-toolchain-win32_x86/bin/../lib/gcc/avr/4.5.1/avr5\libgcc.a

.hash
 *(.hash)

.dynsym
 *(.dynsym)

.dynstr
 *(.dynstr)

.gnu.version
 *(.gnu.version)

.gnu.version_d
 *(.gnu.version_d)

.gnu.version_r
 *(.gnu.version_r)

.rel.init
 *(.rel.init)

.rela.init
 *(.rela.init)

.rel.text
 *(.rel.text)
 *(.rel.text.*)
 *(.rel.gnu.linkonce.t*)

.rela.text
 *(.rela.text)
 *(.rela.text.*)
 *(.rela.gnu.linkonce.t*)

.rel.fini
 *(.rel.fini)

.rela.fini
 *(.rela.fini)

.rel.rodata
 *(.rel.rodata)
 *(.rel.rodata.*)
 *(.rel.gnu.linkonce.r*)

.rela.rodata
 *(.rela.rodata)
 *(.rela.rodata.*)
 *(.rela.gnu.linkonce.r*)

.rel.data
 *(.rel.data)
 *(.rel.data.*)
 *(.rel.gnu.linkonce.d*)

.rela.data
 *(.rela.data)
 *(.rela.data.*)
 *(.rela.gnu.linkonce.d*)

.rel.ctors
 *(.rel.ctors)

.rela.ctors
 *(.rela.ctors)

.rel.dtors
 *(.rel.dtors)

.rela.dtors
 *(.rela.dtors)

.rel.got
 *(.rel.got)

.rela.got
 *(.rela.got)

.rel.bss
 *(.rel.bss)

.rela.bss
 *(.rela.bss)

.rel.plt
 *(.rel.plt)

.rela.plt
 *(.rela.plt)

.text           0x00000000      0x1f4
 *(.vectors)
 .vectors       0x00000000       0x54 c:/program files (x86)/eclipse/avr8-gnu-toolchain-win32_x86/bin/../lib/gcc/avr/4.5.1/../../../../avr/lib/avr5/crtm32.o
                0x00000000                __vector_default
                0x00000000                __vectors
 *(.vectors)
 *(.progmem.gcc*)
 *(.progmem*)
                0x00000054                . = ALIGN (0x2)
                0x00000054                __trampolines_start = .
 *(.trampolines)
 .trampolines   0x00000054        0x0 linker stubs
 *(.trampolines*)
                0x00000054                __trampolines_end = .
 *(.jumptables)
 *(.jumptables*)
 *(.lowtext)
 *(.lowtext*)
                0x00000054                __ctors_start = .
 *(.ctors)
                0x00000054                __ctors_end = .
                0x00000054                __dtors_start = .
 *(.dtors)
                0x00000054                __dtors_end = .
 SORT(*)(.ctors)
 SORT(*)(.dtors)
 *(.init0)
 .init0         0x00000054        0x0 c:/program files (x86)/eclipse/avr8-gnu-toolchain-win32_x86/bin/../lib/gcc/avr/4.5.1/../../../../avr/lib/avr5/crtm32.o
                0x00000054                __init
 *(.init0)
 *(.init1)
 *(.init1)
 *(.init2)
 .init2         0x00000054        0xc c:/program files (x86)/eclipse/avr8-gnu-toolchain-win32_x86/bin/../lib/gcc/avr/4.5.1/../../../../avr/lib/avr5/crtm32.o
 *(.init2)
 *(.init3)
 *(.init3)
 *(.init4)
 .init4         0x00000060       0x10 c:/program files (x86)/eclipse/avr8-gnu-toolchain-win32_x86/bin/../lib/gcc/avr/4.5.1/avr5\libgcc.a(_clear_bss.o)
                0x00000060                __do_clear_bss
 *(.init4)
 *(.init5)
 *(.init5)
 *(.init6)
 *(.init6)
 *(.init7)
 *(.init7)
 *(.init8)
 *(.init8)
 *(.init9)
 .init9         0x00000070        0x8 c:/program files (x86)/eclipse/avr8-gnu-toolchain-win32_x86/bin/../lib/gcc/avr/4.5.1/../../../../avr/lib/avr5/crtm32.o
 *(.init9)
 *(.text)
 .text          0x00000078        0x4 c:/program files (x86)/eclipse/avr8-gnu-toolchain-win32_x86/bin/../lib/gcc/avr/4.5.1/../../../../avr/lib/avr5/crtm32.o
                0x00000078                __vector_1
                0x00000078                __vector_12
                0x00000078                __bad_interrupt
                0x00000078                __vector_6
                0x00000078                __vector_3
                0x00000078                __vector_11
                0x00000078                __vector_13
                0x00000078                __vector_17
                0x00000078                __vector_19
                0x00000078                __vector_7
                0x00000078                __vector_5
                0x00000078                __vector_4
                0x00000078                __vector_9
                0x00000078                __vector_2
                0x00000078                __vector_15
                0x00000078                __vector_8
                0x00000078                __vector_14
                0x00000078                __vector_16
                0x00000078                __vector_18
                0x00000078                __vector_20
 .text          0x0000007c        0x0 ./es.o
 .text          0x0000007c        0x0 ./hp.o
 .text          0x0000007c        0x0 ./main.o
 .text          0x0000007c        0x0 ./timer0.o
 .text          0x0000007c        0x0 c:/program files (x86)/eclipse/avr8-gnu-toolchain-win32_x86/bin/../lib/gcc/avr/4.5.1/avr5\libgcc.a(_exit.o)
 .text          0x0000007c        0x0 c:/program files (x86)/eclipse/avr8-gnu-toolchain-win32_x86/bin/../lib/gcc/avr/4.5.1/avr5\libgcc.a(_clear_bss.o)
                0x0000007c                . = ALIGN (0x2)
 *(.text.*)
 .text.initialize_es
                0x0000007c        0xe ./es.o
                0x0000007c                initialize_es
 .text.es_attach
                0x0000008a       0x16 ./es.o
                0x0000008a                es_attach
 .text.es_detach
                0x000000a0       0x16 ./es.o
                0x000000a0                es_detach
 .text.es_trigger
                0x000000b6       0x3a ./es.o
                0x000000b6                es_trigger
 .text.es_dispatch
                0x000000f0       0x50 ./es.o
                0x000000f0                es_dispatch
 .text.servomotor_attach
                0x00000140        0x4 ./hp.o
                0x00000140                servomotor_attach
 .text.initialize_hp
                0x00000144       0x26 ./hp.o
                0x00000144                initialize_hp
 .text.main     0x0000016a        0xe ./main.o
                0x0000016a                main
 .text.initialize_timer0
                0x00000178       0x18 ./timer0.o
                0x00000178                initialize_timer0
 .text.__vector_10
                0x00000190       0x60 ./timer0.o
                0x00000190                __vector_10
 .text.libgcc   0x000001f0        0x0 c:/program files (x86)/eclipse/avr8-gnu-toolchain-win32_x86/bin/../lib/gcc/avr/4.5.1/avr5\libgcc.a(_exit.o)
 .text.libgcc   0x000001f0        0x0 c:/program files (x86)/eclipse/avr8-gnu-toolchain-win32_x86/bin/../lib/gcc/avr/4.5.1/avr5\libgcc.a(_clear_bss.o)
                0x000001f0                . = ALIGN (0x2)
 *(.fini9)
 .fini9         0x000001f0        0x0 c:/program files (x86)/eclipse/avr8-gnu-toolchain-win32_x86/bin/../lib/gcc/avr/4.5.1/avr5\libgcc.a(_exit.o)
                0x000001f0                _exit
                0x000001f0                exit
 *(.fini9)
 *(.fini8)
 *(.fini8)
 *(.fini7)
 *(.fini7)
 *(.fini6)
 *(.fini6)
 *(.fini5)
 *(.fini5)
 *(.fini4)
 *(.fini4)
 *(.fini3)
 *(.fini3)
 *(.fini2)
 *(.fini2)
 *(.fini1)
 *(.fini1)
 *(.fini0)
 .fini0         0x000001f0        0x4 c:/program files (x86)/eclipse/avr8-gnu-toolchain-win32_x86/bin/../lib/gcc/avr/4.5.1/avr5\libgcc.a(_exit.o)
 *(.fini0)
                0x000001f4                _etext = .

.data           0x00800060        0x0 load address 0x000001f4
                0x00800060                PROVIDE (__data_start, .)
 *(.data)
 .data          0x00800060        0x0 c:/program files (x86)/eclipse/avr8-gnu-toolchain-win32_x86/bin/../lib/gcc/avr/4.5.1/../../../../avr/lib/avr5/crtm32.o
 .data          0x00800060        0x0 ./es.o
 .data          0x00800060        0x0 ./hp.o
 .data          0x00800060        0x0 ./main.o
 .data          0x00800060        0x0 ./timer0.o
 .data          0x00800060        0x0 c:/program files (x86)/eclipse/avr8-gnu-toolchain-win32_x86/bin/../lib/gcc/avr/4.5.1/avr5\libgcc.a(_exit.o)
 .data          0x00800060        0x0 c:/program files (x86)/eclipse/avr8-gnu-toolchain-win32_x86/bin/../lib/gcc/avr/4.5.1/avr5\libgcc.a(_clear_bss.o)
 *(.data*)
 *(.rodata)
 *(.rodata*)
 *(.gnu.linkonce.d*)
                0x00800060                . = ALIGN (0x2)
                0x00800060                _edata = .
                0x00800060                PROVIDE (__data_end, .)

.bss            0x00800060       0x70
                0x00800060                PROVIDE (__bss_start, .)
 *(.bss)
 .bss           0x00800060        0x0 c:/program files (x86)/eclipse/avr8-gnu-toolchain-win32_x86/bin/../lib/gcc/avr/4.5.1/../../../../avr/lib/avr5/crtm32.o
 .bss           0x00800060        0x0 ./es.o
 .bss           0x00800060        0x0 ./hp.o
 .bss           0x00800060        0x0 ./main.o
 .bss           0x00800060        0x0 ./timer0.o
 .bss           0x00800060        0x0 c:/program files (x86)/eclipse/avr8-gnu-toolchain-win32_x86/bin/../lib/gcc/avr/4.5.1/avr5\libgcc.a(_exit.o)
 .bss           0x00800060        0x0 c:/program files (x86)/eclipse/avr8-gnu-toolchain-win32_x86/bin/../lib/gcc/avr/4.5.1/avr5\libgcc.a(_clear_bss.o)
 *(.bss*)
 .bss.timer0    0x00800060        0x1 ./timer0.o
                0x00800060                timer0
 *(COMMON)
 COMMON         0x00800061       0x5d ./es.o
                0x00800061                es_count
                0x00800062                es_events
                0x00800080                es_head
                0x00800081                es_handlers
                0x008000bd                es_tail
 COMMON         0x008000be       0x12 ./hp.o
                0x008000be                legs
                0x008000d0                PROVIDE (__bss_end, .)
                0x000001f4                __data_load_start = LOADADDR (.data)
                0x000001f4                __data_load_end = (__data_load_start + SIZEOF (.data))

.noinit         0x008000d0        0x0
                0x008000d0                PROVIDE (__noinit_start, .)
 *(.noinit*)
                0x008000d0                PROVIDE (__noinit_end, .)
                0x008000d0                _end = .
                0x008000d0                PROVIDE (__heap_start, .)

.eeprom         0x00810000        0x0
 *(.eeprom*)
                0x00810000                __eeprom_end = .

.fuse
 *(.fuse)
 *(.lfuse)
 *(.hfuse)
 *(.efuse)

.lock
 *(.lock*)

.signature
 *(.signature*)

.stab           0x00000000      0x6cc
 *(.stab)
 .stab          0x00000000      0x6cc c:/program files (x86)/eclipse/avr8-gnu-toolchain-win32_x86/bin/../lib/gcc/avr/4.5.1/../../../../avr/lib/avr5/crtm32.o

.stabstr        0x00000000       0x85
 *(.stabstr)
 .stabstr       0x00000000       0x85 c:/program files (x86)/eclipse/avr8-gnu-toolchain-win32_x86/bin/../lib/gcc/avr/4.5.1/../../../../avr/lib/avr5/crtm32.o

.stab.excl
 *(.stab.excl)

.stab.exclstr
 *(.stab.exclstr)

.stab.index
 *(.stab.index)

.stab.indexstr
 *(.stab.indexstr)

.comment
 *(.comment)

.debug
 *(.debug)

.line
 *(.line)

.debug_srcinfo
 *(.debug_srcinfo)

.debug_sfnames
 *(.debug_sfnames)

.debug_aranges
 *(.debug_aranges)

.debug_pubnames
 *(.debug_pubnames)

.debug_info
 *(.debug_info)
 *(.gnu.linkonce.wi.*)

.debug_abbrev
 *(.debug_abbrev)

.debug_line
 *(.debug_line)

.debug_frame
 *(.debug_frame)

.debug_str
 *(.debug_str)

.debug_loc
 *(.debug_loc)

.debug_macinfo
 *(.debug_macinfo)
OUTPUT(hexapod-mk2-main.elf elf32-avr)
LOAD linker stubs
